node: mscluster60.ms.wits.ac.za
Tue Sep 15 22:44:15 2026       
+-----------------------------------------------------------------------------------------+
| NVIDIA-SMI 595.71.05              Driver Version: 595.71.05      CUDA Version: 13.2     |
+-----------------------------------------+------------------------+----------------------+
| GPU  Name                 Persistence-M | Bus-Id          Disp.A | Volatile Uncorr. ECC |
| Fan  Temp   Perf          Pwr:Usage/Cap |           Memory-Usage | GPU-Util  Compute M. |
|                                         |                        |               MIG M. |
|=========================================+========================+======================|
|   0  NVIDIA GeForce RTX 3090        Off |   00000000:17:00.0 Off |                  N/A |
| 30%   50C    P8             25W /  350W |       1MiB /  24576MiB |      0%      Default |
|                                         |                        |                  N/A |
+-----------------------------------------+------------------------+----------------------+

+-----------------------------------------------------------------------------------------+
| Processes:                                                                              |
|  GPU   GI   CI              PID   Type   Process name                        GPU Memory |
|        ID   ID                                                               Usage      |
|=========================================================================================|
|  No running processes found                                                             |
+-----------------------------------------------------------------------------------------+
GPU ok on mscluster60.ms.wits.ac.za: NVIDIA GeForce RTX 3090
device cuda | 20 pairs | no multiprocessing in this phase
t0v1: training
  t0v1 ep 1/90  train 1.2101  val 1.1983 (48s)
  t0v1 ep 2/90  train 1.1379  val 1.1626 (34s)
  t0v1 ep 3/90  train 1.1019  val 1.0628 (34s)
  t0v1 ep 4/90  train 1.0565  val 1.0968 (34s)
  t0v1 ep 5/90  train 1.0272  val 1.4698 (34s)
  t0v1 ep 6/90  train 1.0125  val 1.1759 (34s)
  t0v1 ep 7/90  train 0.9926  val 0.9921 (34s)
  t0v1 ep 8/90  train 0.9694  val 0.9869 (34s)
  t0v1 ep 9/90  train 0.9429  val 0.9470 (35s)
  t0v1 ep 10/90  train 0.9181  val 0.9370 (35s)
  t0v1 ep 11/90  train 0.8853  val 0.9091 (34s)
  t0v1 ep 12/90  train 0.8716  val 1.0559 (35s)
  t0v1 ep 13/90  train 0.8584  val 1.0463 (35s)
  t0v1 ep 14/90  train 0.8730  val 0.8955 (34s)
  t0v1 ep 15/90  train 0.8254  val 0.8331 (35s)
  t0v1 ep 16/90  train 0.7986  val 0.7971 (34s)
  t0v1 ep 17/90  train 0.7522  val 0.8040 (34s)
  t0v1 ep 18/90  train 0.7153  val 0.7398 (34s)
  t0v1 ep 19/90  train 0.6929  val 0.7259 (35s)
  t0v1 ep 20/90  train 0.6744  val 0.7110 (34s)
  t0v1 ep 21/90  train 0.6657  val 0.8718 (34s)
  t0v1 ep 22/90  train 0.6493  val 0.7486 (34s)
  t0v1 ep 23/90  train 0.6560  val 0.7384 (34s)
  t0v1 ep 24/90  train 0.6668  val 0.7115 (34s)
  t0v1 ep 25/90  train 0.6534  val 0.6859 (35s)
  t0v1 ep 26/90  train 0.6391  val 0.7094 (34s)
  t0v1 ep 27/90  train 0.6292  val 0.7162 (35s)
  t0v1 ep 28/90  train 0.6095  val 0.7109 (34s)
  t0v1 ep 29/90  train 0.6275  val 0.7082 (34s)
  t0v1 ep 30/90  train 0.6431  val 0.7422 (35s)
  t0v1 ep 31/90  train 0.6550  val 0.6843 (35s)
  t0v1 ep 32/90  train 0.6088  val 0.8062 (35s)
  t0v1 ep 33/90  train 0.5989  val 0.6781 (34s)
  t0v1 ep 34/90  train 0.5877  val 0.6862 (35s)
  t0v1 ep 35/90  train 0.5770  val 0.6646 (34s)
  t0v1 ep 36/90  train 0.5642  val 0.7155 (34s)
  t0v1 ep 37/90  train 0.5771  val 0.8071 (35s)
  t0v1 ep 38/90  train 0.5722  val 0.6705 (35s)
  t0v1 ep 39/90  train 0.5564  val 0.7244 (34s)
  t0v1 ep 40/90  train 0.5444  val 0.6667 (34s)
  t0v1 ep 41/90  train 0.5405  val 0.7848 (35s)
  t0v1 ep 42/90  train 0.5339  val 0.7285 (34s)
  t0v1 ep 43/90  train 0.5244  val 0.6452 (34s)
  t0v1 ep 44/90  train 0.5133  val 0.6951 (34s)
  t0v1 ep 45/90  train 0.5063  val 0.6441 (34s)
  t0v1 ep 46/90  train 0.5095  val 0.6463 (34s)
  t0v1 ep 47/90  train 0.4940  val 0.7144 (34s)
  t0v1 ep 48/90  train 0.4885  val 0.6576 (34s)
  t0v1 ep 49/90  train 0.4917  val 0.6628 (34s)
  t0v1 ep 50/90  train 0.4794  val 0.6266 (34s)
  t0v1 ep 51/90  train 0.4818  val 0.6772 (34s)
  t0v1 ep 52/90  train 0.4784  val 0.6152 (35s)
  t0v1 ep 53/90  train 0.4735  val 0.5990 (34s)
  t0v1 ep 54/90  train 0.4665  val 0.7058 (34s)
  t0v1 ep 55/90  train 0.4692  val 0.6397 (34s)
  t0v1 ep 56/90  train 0.4622  val 0.6190 (35s)
  t0v1 ep 57/90  train 0.4522  val 0.6212 (34s)
  t0v1 ep 58/90  train 0.4489  val 0.6261 (35s)
  t0v1 ep 59/90  train 0.4399  val 0.5797 (34s)
  t0v1 ep 60/90  train 0.4303  val 0.6106 (34s)
  t0v1 ep 61/90  train 0.4277  val 0.6233 (34s)
  t0v1 ep 62/90  train 0.4240  val 0.6233 (34s)
  t0v1 ep 63/90  train 0.4205  val 0.6296 (34s)
  t0v1 ep 64/90  train 0.4116  val 0.6579 (34s)
  t0v1 ep 65/90  train 0.4142  val 0.6862 (34s)
  t0v1 ep 66/90  train 0.4057  val 0.6434 (34s)
  t0v1 ep 67/90  train 0.3926  val 0.6142 (35s)
  t0v1 ep 68/90  train 0.3882  val 0.6197 (35s)
  t0v1 ep 69/90  train 0.3900  val 0.6889 (35s)
  early stop at epoch 69 (best val 0.5797)
t0v1: cached 150 cal + 364 test (118 MB, 23s)

t0v2: training
  t0v2 ep 1/90  train 1.2118  val 1.9286 (34s)
  t0v2 ep 2/90  train 1.1318  val 1.1651 (34s)
  t0v2 ep 3/90  train 1.0828  val 1.2563 (34s)
  t0v2 ep 4/90  train 1.0277  val 1.0120 (34s)
  t0v2 ep 5/90  train 0.9849  val 1.0013 (34s)
  t0v2 ep 6/90  train 0.9405  val 0.9115 (35s)
  t0v2 ep 7/90  train 0.8980  val 0.9534 (35s)
  t0v2 ep 8/90  train 0.8560  val 0.8794 (34s)
  t0v2 ep 9/90  train 0.8231  val 0.8624 (34s)
  t0v2 ep 10/90  train 0.7797  val 0.8191 (34s)
  t0v2 ep 11/90  train 0.7676  val 0.8218 (34s)
  t0v2 ep 12/90  train 0.7540  val 1.0115 (34s)
  t0v2 ep 13/90  train 0.7229  val 0.8184 (34s)
  t0v2 ep 14/90  train 0.7010  val 0.8058 (34s)
  t0v2 ep 15/90  train 0.6672  val 0.7456 (34s)
  t0v2 ep 16/90  train 0.6542  val 0.8692 (34s)
  t0v2 ep 17/90  train 0.6484  val 0.8076 (34s)
  t0v2 ep 18/90  train 0.6241  val 0.7131 (34s)
  t0v2 ep 19/90  train 0.6536  val 0.8035 (34s)
  t0v2 ep 20/90  train 0.6922  val 1.0265 (34s)
  t0v2 ep 21/90  train 0.8074  val 0.8913 (35s)
  t0v2 ep 22/90  train 0.7285  val 0.7953 (35s)
  t0v2 ep 23/90  train 0.6876  val 0.7655 (35s)
  t0v2 ep 24/90  train 0.6670  val 0.7700 (35s)
  t0v2 ep 25/90  train 0.6294  val 0.7207 (35s)
  t0v2 ep 26/90  train 0.6289  val 0.7426 (35s)
  t0v2 ep 27/90  train 0.5762  val 0.6778 (34s)
  t0v2 ep 28/90  train 0.5545  val 0.6558 (35s)
  t0v2 ep 29/90  train 0.5452  val 0.7059 (35s)
  t0v2 ep 30/90  train 0.5297  val 0.6865 (34s)
  t0v2 ep 31/90  train 0.5107  val 0.7330 (34s)
  t0v2 ep 32/90  train 0.4913  val 0.7048 (35s)
  t0v2 ep 33/90  train 0.4881  val 0.6455 (35s)
  t0v2 ep 34/90  train 0.4731  val 0.6355 (34s)
  t0v2 ep 35/90  train 0.4637  val 0.6264 (34s)
  t0v2 ep 36/90  train 0.4442  val 0.6867 (34s)
  t0v2 ep 37/90  train 0.4383  val 0.6081 (34s)
  t0v2 ep 38/90  train 0.4256  val 0.6449 (34s)
  t0v2 ep 39/90  train 0.4266  val 0.6964 (34s)
  t0v2 ep 40/90  train 0.4167  val 0.6127 (34s)
  t0v2 ep 41/90  train 0.4091  val 0.5736 (35s)
  t0v2 ep 42/90  train 0.3992  val 0.5996 (34s)
  t0v2 ep 43/90  train 0.4003  val 0.6055 (34s)
  t0v2 ep 44/90  train 0.3889  val 0.6144 (34s)
  t0v2 ep 45/90  train 0.3915  val 0.6026 (34s)
  t0v2 ep 46/90  train 0.3844  val 0.6226 (35s)
  t0v2 ep 47/90  train 0.3854  val 0.5786 (34s)
  t0v2 ep 48/90  train 0.3773  val 0.5677 (34s)
  t0v2 ep 49/90  train 0.3728  val 0.5855 (34s)
  t0v2 ep 50/90  train 0.3662  val 0.6119 (34s)
  t0v2 ep 51/90  train 0.3552  val 0.5817 (35s)
  t0v2 ep 52/90  train 0.3494  val 0.5990 (34s)
  t0v2 ep 53/90  train 0.3560  val 0.6209 (34s)
  t0v2 ep 54/90  train 0.3495  val 0.6101 (34s)
  t0v2 ep 55/90  train 0.3457  val 0.6161 (34s)
  t0v2 ep 56/90  train 0.3413  val 0.6299 (34s)
  t0v2 ep 57/90  train 0.3401  val 0.6247 (35s)
  t0v2 ep 58/90  train 0.3277  val 0.6130 (35s)
  early stop at epoch 58 (best val 0.5677)
t0v2: cached 150 cal + 364 test (120 MB, 13s)

t0v3: training
  t0v3 ep 1/90  train 1.2074  val 1.2696 (35s)
  t0v3 ep 2/90  train 1.0977  val 1.1411 (35s)
  t0v3 ep 3/90  train 1.0161  val 1.2141 (34s)
  t0v3 ep 4/90  train 0.9389  val 1.0060 (34s)
  t0v3 ep 5/90  train 0.8686  val 0.9282 (34s)
  t0v3 ep 6/90  train 0.8348  val 0.8928 (35s)
  t0v3 ep 7/90  train 0.7997  val 1.0635 (35s)
  t0v3 ep 8/90  train 0.7689  val 1.2462 (35s)
  t0v3 ep 9/90  train 0.7452  val 0.7963 (34s)
  t0v3 ep 10/90  train 0.7140  val 0.8110 (34s)
  t0v3 ep 11/90  train 0.7004  val 0.7714 (34s)
  t0v3 ep 12/90  train 0.6836  val 0.8416 (34s)
  t0v3 ep 13/90  train 0.6656  val 1.0839 (34s)
  t0v3 ep 14/90  train 0.6380  val 0.7403 (35s)
  t0v3 ep 15/90  train 0.6190  val 0.7789 (34s)
  t0v3 ep 16/90  train 0.6164  val 0.7779 (34s)
  t0v3 ep 17/90  train 0.5982  val 0.7378 (35s)
  t0v3 ep 18/90  train 0.5925  val 0.7064 (35s)
  t0v3 ep 19/90  train 0.5834  val 0.7368 (35s)
  t0v3 ep 20/90  train 0.5802  val 0.8485 (34s)
  t0v3 ep 21/90  train 0.5684  val 0.7109 (34s)
  t0v3 ep 22/90  train 0.5461  val 0.7380 (34s)
  t0v3 ep 23/90  train 0.5444  val 0.7948 (34s)
  t0v3 ep 24/90  train 0.5418  val 0.7122 (34s)
  t0v3 ep 25/90  train 0.5265  val 1.0167 (34s)
  t0v3 ep 26/90  train 0.5276  val 0.6804 (34s)
  t0v3 ep 27/90  train 0.5270  val 1.2521 (34s)
  t0v3 ep 28/90  train 0.5272  val 0.7995 (34s)
  t0v3 ep 29/90  train 0.5257  val 0.7977 (34s)
  t0v3 ep 30/90  train 0.5237  val 0.8493 (34s)
  t0v3 ep 31/90  train 0.5518  val 0.8104 (35s)
  t0v3 ep 32/90  train 0.5310  val 0.9596 (34s)
  t0v3 ep 33/90  train 0.5193  val 0.7237 (34s)
  t0v3 ep 34/90  train 0.5096  val 0.6957 (34s)
  t0v3 ep 35/90  train 0.5092  val 0.7194 (34s)
  t0v3 ep 36/90  train 0.5132  val 0.7466 (34s)
  early stop at epoch 36 (best val 0.6804)
t0v3: cached 150 cal + 364 test (121 MB, 12s)

t0v4: training
  t0v4 ep 1/90  train 1.2455  val 1.1995 (34s)
  t0v4 ep 2/90  train 1.1918  val 1.1888 (34s)
  t0v4 ep 3/90  train 1.1309  val 1.1119 (35s)
  t0v4 ep 4/90  train 1.0745  val 1.1421 (34s)
  t0v4 ep 5/90  train 1.0477  val 1.0690 (34s)
  t0v4 ep 6/90  train 1.0254  val 1.0975 (34s)
  t0v4 ep 7/90  train 0.9953  val 1.0046 (35s)
  t0v4 ep 8/90  train 0.9956  val 0.9938 (34s)
  t0v4 ep 9/90  train 0.9473  val 1.0238 (34s)
  t0v4 ep 10/90  train 0.9293  val 0.9636 (34s)
  t0v4 ep 11/90  train 0.9199  val 0.9602 (34s)
  t0v4 ep 12/90  train 0.9184  val 0.9401 (34s)
  t0v4 ep 13/90  train 0.8936  val 0.9073 (34s)
  t0v4 ep 14/90  train 0.8863  val 0.9867 (34s)
  t0v4 ep 15/90  train 0.8550  val 0.9234 (35s)
  t0v4 ep 16/90  train 0.8174  val 0.8806 (34s)
  t0v4 ep 17/90  train 0.8136  val 0.9279 (34s)
  t0v4 ep 18/90  train 0.7792  val 0.8690 (35s)
  t0v4 ep 19/90  train 0.7543  val 0.8534 (35s)
  t0v4 ep 20/90  train 0.7279  val 0.7820 (35s)
  t0v4 ep 21/90  train 0.7035  val 0.8210 (34s)
  t0v4 ep 22/90  train 0.6815  val 0.7444 (34s)
  t0v4 ep 23/90  train 0.6705  val 0.7551 (35s)
  t0v4 ep 24/90  train 0.6478  val 0.8945 (34s)
  t0v4 ep 25/90  train 0.6357  val 0.7997 (35s)
  t0v4 ep 26/90  train 0.6276  val 0.8227 (35s)
  t0v4 ep 27/90  train 0.6058  val 0.7440 (34s)
  t0v4 ep 28/90  train 0.6000  val 0.7132 (34s)
  t0v4 ep 29/90  train 0.5841  val 0.7038 (34s)
  t0v4 ep 30/90  train 0.5689  val 0.7257 (34s)
  t0v4 ep 31/90  train 0.5599  val 0.7213 (34s)
  t0v4 ep 32/90  train 0.5499  val 0.7768 (34s)
  t0v4 ep 33/90  train 0.5382  val 0.7351 (35s)
  t0v4 ep 34/90  train 0.5212  val 0.7284 (35s)
  t0v4 ep 35/90  train 0.5298  val 0.6856 (34s)
  t0v4 ep 36/90  train 0.5047  val 0.6815 (34s)
  t0v4 ep 37/90  train 0.5035  val 0.6696 (34s)
  t0v4 ep 38/90  train 0.4886  val 0.6487 (35s)
  t0v4 ep 39/90  train 0.4810  val 0.7127 (34s)
  t0v4 ep 40/90  train 0.4738  val 0.6486 (34s)
  t0v4 ep 41/90  train 0.4602  val 0.6539 (34s)
  t0v4 ep 42/90  train 0.4443  val 0.6731 (34s)
  t0v4 ep 43/90  train 0.4502  val 0.6501 (34s)
  t0v4 ep 44/90  train 0.4394  val 0.6998 (34s)
  t0v4 ep 45/90  train 0.4351  val 0.6636 (34s)
  t0v4 ep 46/90  train 0.4302  val 0.6470 (34s)
  t0v4 ep 47/90  train 0.4235  val 0.6671 (35s)
  t0v4 ep 48/90  train 0.4147  val 0.6295 (34s)
  t0v4 ep 49/90  train 0.4102  val 0.7202 (34s)
  t0v4 ep 50/90  train 0.4108  val 0.6264 (34s)
  t0v4 ep 51/90  train 0.4061  val 0.6574 (34s)
  t0v4 ep 52/90  train 0.4059  val 0.6541 (34s)
  t0v4 ep 53/90  train 0.4011  val 0.6668 (35s)
  t0v4 ep 54/90  train 0.3950  val 0.6272 (35s)
  t0v4 ep 55/90  train 0.3834  val 0.6029 (35s)
  t0v4 ep 56/90  train 0.3787  val 0.6362 (35s)
  t0v4 ep 57/90  train 0.3704  val 0.6335 (34s)
  t0v4 ep 58/90  train 0.3661  val 0.6093 (35s)
  t0v4 ep 59/90  train 0.3647  val 0.6214 (34s)
  t0v4 ep 60/90  train 0.3547  val 0.6171 (34s)
  t0v4 ep 61/90  train 0.3447  val 0.6345 (34s)
  t0v4 ep 62/90  train 0.3456  val 0.6124 (34s)
  t0v4 ep 63/90  train 0.3427  val 0.6165 (34s)
  t0v4 ep 64/90  train 0.3376  val 0.6084 (34s)
  t0v4 ep 65/90  train 0.3378  val 0.5965 (34s)
  t0v4 ep 66/90  train 0.3316  val 0.6174 (34s)
  t0v4 ep 67/90  train 0.3345  val 0.6062 (34s)
  t0v4 ep 68/90  train 0.3282  val 0.6056 (35s)
  t0v4 ep 69/90  train 0.3207  val 0.6112 (34s)
  t0v4 ep 70/90  train 0.3207  val 0.6433 (35s)
  t0v4 ep 71/90  train 0.3124  val 0.6359 (34s)
  t0v4 ep 72/90  train 0.3106  val 0.6107 (35s)
  t0v4 ep 73/90  train 0.3080  val 0.6157 (35s)
  t0v4 ep 74/90  train 0.3117  val 0.6260 (35s)
  t0v4 ep 75/90  train 0.3007  val 0.6141 (34s)
  early stop at epoch 75 (best val 0.5965)
t0v4: cached 150 cal + 364 test (119 MB, 11s)

t1v0: training
  t1v0 ep 1/90  train 1.2239  val 1.1944 (34s)
  t1v0 ep 2/90  train 1.1311  val 1.0880 (35s)
  t1v0 ep 3/90  train 1.0681  val 1.0373 (34s)
  t1v0 ep 4/90  train 1.0274  val 1.0799 (34s)
  t1v0 ep 5/90  train 1.0397  val 1.1981 (34s)
  t1v0 ep 6/90  train 0.9798  val 1.0093 (34s)
  t1v0 ep 7/90  train 0.9242  val 0.9333 (35s)
  t1v0 ep 8/90  train 0.8730  val 0.8624 (35s)
  t1v0 ep 9/90  train 0.8500  val 0.9350 (35s)
  t1v0 ep 10/90  train 0.8161  val 0.9489 (34s)
  t1v0 ep 11/90  train 0.7620  val 0.8658 (34s)
  t1v0 ep 12/90  train 0.7558  val 0.8527 (35s)
  t1v0 ep 13/90  train 0.7503  val 0.8097 (34s)
  t1v0 ep 14/90  train 0.7206  val 0.8306 (34s)
  t1v0 ep 15/90  train 0.7054  val 0.7803 (35s)
  t1v0 ep 16/90  train 0.6902  val 0.8114 (35s)
  t1v0 ep 17/90  train 0.6819  val 0.8124 (34s)
  t1v0 ep 18/90  train 0.6751  val 0.7894 (34s)
  t1v0 ep 19/90  train 0.6669  val 0.9032 (35s)
  t1v0 ep 20/90  train 0.6555  val 0.7654 (35s)
  t1v0 ep 21/90  train 0.6593  val 0.7428 (35s)
  t1v0 ep 22/90  train 0.6333  val 0.7062 (35s)
  t1v0 ep 23/90  train 0.6087  val 0.9613 (35s)
  t1v0 ep 24/90  train 0.5981  val 0.7064 (34s)
  t1v0 ep 25/90  train 0.5979  val 0.9343 (35s)
  t1v0 ep 26/90  train 0.5919  val 0.7312 (34s)
  t1v0 ep 27/90  train 0.6148  val 0.7627 (35s)
  t1v0 ep 28/90  train 0.6266  val 0.8426 (35s)
  t1v0 ep 29/90  train 0.5843  val 0.9338 (35s)
  t1v0 ep 30/90  train 0.5236  val 0.6808 (34s)
  t1v0 ep 31/90  train 0.5187  val 0.7338 (35s)
  t1v0 ep 32/90  train 0.5446  val 0.8047 (34s)
  t1v0 ep 33/90  train 0.5382  val 0.7004 (34s)
  t1v0 ep 34/90  train 0.5169  val 0.7706 (34s)
  t1v0 ep 35/90  train 0.4977  val 0.7145 (34s)
  t1v0 ep 36/90  train 0.4955  val 0.8350 (34s)
  t1v0 ep 37/90  train 0.4736  val 0.6700 (35s)
  t1v0 ep 38/90  train 0.4748  val 0.6570 (34s)
  t1v0 ep 39/90  train 0.4739  val 0.6663 (34s)
  t1v0 ep 40/90  train 0.4607  val 0.6901 (34s)
  t1v0 ep 41/90  train 0.4587  val 0.7371 (35s)
  t1v0 ep 42/90  train 0.4416  val 0.7315 (34s)
  t1v0 ep 43/90  train 0.4340  val 0.6073 (34s)
  t1v0 ep 44/90  train 0.4356  val 0.7322 (34s)
  t1v0 ep 45/90  train 0.4313  val 0.6631 (35s)
  t1v0 ep 46/90  train 0.4289  val 0.6609 (35s)
  t1v0 ep 47/90  train 0.4163  val 0.6277 (35s)
  t1v0 ep 48/90  train 0.4149  val 0.6467 (35s)
  t1v0 ep 49/90  train 0.4050  val 0.6780 (34s)
  t1v0 ep 50/90  train 0.3958  val 0.6545 (35s)
  t1v0 ep 51/90  train 0.3906  val 0.6404 (35s)
  t1v0 ep 52/90  train 0.3846  val 0.6716 (35s)
  t1v0 ep 53/90  train 0.3743  val 0.6553 (34s)
  early stop at epoch 53 (best val 0.6073)
t1v0: cached 150 cal + 364 test (117 MB, 12s)

t1v2: training
  t1v2 ep 1/90  train 1.2148  val 1.1872 (34s)
  t1v2 ep 2/90  train 1.1591  val 1.1391 (35s)
  t1v2 ep 3/90  train 1.1277  val 1.1074 (35s)
  t1v2 ep 4/90  train 1.0741  val 1.0292 (34s)
  t1v2 ep 5/90  train 1.0186  val 1.1478 (35s)
  t1v2 ep 6/90  train 0.9730  val 0.9474 (35s)
  t1v2 ep 7/90  train 0.9356  val 0.9797 (34s)
  t1v2 ep 8/90  train 0.9107  val 0.9241 (35s)
  t1v2 ep 9/90  train 0.8839  val 0.9925 (35s)
  t1v2 ep 10/90  train 0.8494  val 0.9282 (34s)
  t1v2 ep 11/90  train 0.8382  val 0.8934 (35s)
  t1v2 ep 12/90  train 0.8308  val 0.8750 (35s)
  t1v2 ep 13/90  train 0.8175  val 0.8788 (34s)
  t1v2 ep 14/90  train 0.8041  val 0.8904 (35s)
  t1v2 ep 15/90  train 0.7779  val 0.8375 (35s)
  t1v2 ep 16/90  train 0.7677  val 0.7995 (34s)
  t1v2 ep 17/90  train 0.7395  val 0.8428 (35s)
  t1v2 ep 18/90  train 0.7138  val 0.8189 (34s)
  t1v2 ep 19/90  train 0.7025  val 0.8254 (34s)
  t1v2 ep 20/90  train 0.6847  val 0.7717 (34s)
  t1v2 ep 21/90  train 0.6636  val 0.7322 (35s)
  t1v2 ep 22/90  train 0.6451  val 0.7171 (34s)
  t1v2 ep 23/90  train 0.6324  val 0.7296 (34s)
  t1v2 ep 24/90  train 0.6124  val 0.7096 (34s)
  t1v2 ep 25/90  train 0.6088  val 0.7353 (35s)
  t1v2 ep 26/90  train 0.6007  val 0.6934 (35s)
  t1v2 ep 27/90  train 0.5924  val 0.7250 (34s)
  t1v2 ep 28/90  train 0.5777  val 0.6747 (34s)
  t1v2 ep 29/90  train 0.5829  val 0.6961 (35s)
  t1v2 ep 30/90  train 0.5769  val 0.7118 (35s)
  t1v2 ep 31/90  train 0.5671  val 0.7514 (35s)
  t1v2 ep 32/90  train 0.5467  val 0.6811 (34s)
  t1v2 ep 33/90  train 0.5492  val 0.7391 (34s)
  t1v2 ep 34/90  train 0.5356  val 0.7219 (35s)
  t1v2 ep 35/90  train 0.5332  val 0.6687 (35s)
  t1v2 ep 36/90  train 0.5365  val 0.6661 (34s)
  t1v2 ep 37/90  train 0.5312  val 0.6286 (35s)
  t1v2 ep 38/90  train 0.5239  val 0.6448 (34s)
  t1v2 ep 39/90  train 0.5285  val 0.7719 (35s)
  t1v2 ep 40/90  train 0.5939  val 0.7578 (34s)
  t1v2 ep 41/90  train 0.5208  val 0.6718 (35s)
  t1v2 ep 42/90  train 0.4932  val 0.6207 (34s)
  t1v2 ep 43/90  train 0.4718  val 0.6455 (35s)
  t1v2 ep 44/90  train 0.4687  val 0.6104 (34s)
  t1v2 ep 45/90  train 0.4761  val 0.7810 (34s)
  t1v2 ep 46/90  train 0.4829  val 0.6621 (35s)
  t1v2 ep 47/90  train 0.4755  val 0.6342 (34s)
  t1v2 ep 48/90  train 0.4838  val 0.6223 (35s)
  t1v2 ep 49/90  train 0.4948  val 0.6461 (34s)
  t1v2 ep 50/90  train 0.4865  val 0.6810 (34s)
  t1v2 ep 51/90  train 0.4885  val 0.7351 (34s)
  t1v2 ep 52/90  train 0.4904  val 0.6804 (35s)
  t1v2 ep 53/90  train 0.4880  val 0.6709 (35s)
  t1v2 ep 54/90  train 0.4868  val 0.7111 (34s)
  early stop at epoch 54 (best val 0.6104)
t1v2: cached 150 cal + 364 test (117 MB, 13s)

t1v3: training
  t1v3 ep 1/90  train 1.2245  val 1.1892 (34s)
  t1v3 ep 2/90  train 1.1597  val 1.2530 (34s)
  t1v3 ep 3/90  train 1.0901  val 1.4866 (35s)
  t1v3 ep 4/90  train 1.0358  val 1.2383 (34s)
  t1v3 ep 5/90  train 0.9822  val 1.0147 (35s)
  t1v3 ep 6/90  train 0.9468  val 0.9758 (34s)
  t1v3 ep 7/90  train 0.9202  val 0.9623 (35s)
  t1v3 ep 8/90  train 0.8853  val 0.9302 (34s)
  t1v3 ep 9/90  train 0.8411  val 0.8979 (34s)
  t1v3 ep 10/90  train 0.8139  val 1.0462 (34s)
  t1v3 ep 11/90  train 0.8012  val 0.9784 (35s)
  t1v3 ep 12/90  train 0.7912  val 0.8415 (34s)
  t1v3 ep 13/90  train 0.7791  val 0.9424 (34s)
  t1v3 ep 14/90  train 0.7615  val 0.8567 (35s)
  t1v3 ep 15/90  train 0.7380  val 0.8155 (34s)
  t1v3 ep 16/90  train 0.7147  val 0.7746 (34s)
  t1v3 ep 17/90  train 0.6915  val 0.9289 (34s)
  t1v3 ep 18/90  train 0.6706  val 0.7823 (34s)
  t1v3 ep 19/90  train 0.6607  val 0.8550 (34s)
  t1v3 ep 20/90  train 0.6483  val 0.7785 (34s)
  t1v3 ep 21/90  train 0.6339  val 0.7671 (34s)
  t1v3 ep 22/90  train 0.6167  val 0.8260 (34s)
  t1v3 ep 23/90  train 0.5920  val 0.7183 (34s)
  t1v3 ep 24/90  train 0.5873  val 0.9855 (35s)
  t1v3 ep 25/90  train 0.6061  val 0.7879 (34s)
  t1v3 ep 26/90  train 0.5791  val 0.7348 (34s)
  t1v3 ep 27/90  train 0.5500  val 0.7520 (35s)
  t1v3 ep 28/90  train 0.5380  val 0.7696 (34s)
  t1v3 ep 29/90  train 0.5217  val 0.7500 (34s)
  t1v3 ep 30/90  train 0.5087  val 0.8396 (34s)
  t1v3 ep 31/90  train 0.5044  val 0.7078 (34s)
  t1v3 ep 32/90  train 0.4951  val 0.8165 (34s)
  t1v3 ep 33/90  train 0.4788  val 0.7003 (34s)
  t1v3 ep 34/90  train 0.4655  val 0.7453 (34s)
  t1v3 ep 35/90  train 0.4809  val 0.7228 (34s)
  t1v3 ep 36/90  train 0.4716  val 0.7461 (35s)
  t1v3 ep 37/90  train 0.4638  val 0.7179 (34s)
  t1v3 ep 38/90  train 0.4583  val 0.6874 (34s)
  t1v3 ep 39/90  train 0.4622  val 0.6888 (34s)
  t1v3 ep 40/90  train 0.4590  val 0.7436 (34s)
  t1v3 ep 41/90  train 0.4262  val 0.6807 (34s)
  t1v3 ep 42/90  train 0.4168  val 0.6748 (34s)
  t1v3 ep 43/90  train 0.4255  val 0.6954 (34s)
  t1v3 ep 44/90  train 0.4029  val 0.6892 (34s)
  t1v3 ep 45/90  train 0.3923  val 0.6517 (34s)
  t1v3 ep 46/90  train 0.3817  val 0.7100 (35s)
  t1v3 ep 47/90  train 0.3674  val 0.6765 (34s)
  t1v3 ep 48/90  train 0.3661  val 0.6439 (35s)
  t1v3 ep 49/90  train 0.3630  val 0.7043 (34s)
  t1v3 ep 50/90  train 0.3514  val 0.6768 (34s)
  t1v3 ep 51/90  train 0.3512  val 0.6477 (34s)
  t1v3 ep 52/90  train 0.3500  val 0.6776 (35s)
  t1v3 ep 53/90  train 0.3342  val 0.6815 (34s)
  t1v3 ep 54/90  train 0.3410  val 0.6627 (34s)
  t1v3 ep 55/90  train 0.3337  val 0.6715 (34s)
  t1v3 ep 56/90  train 0.3285  val 0.6559 (35s)
  t1v3 ep 57/90  train 0.3187  val 0.6514 (34s)
  t1v3 ep 58/90  train 0.3217  val 0.6664 (35s)
  early stop at epoch 58 (best val 0.6439)
t1v3: cached 150 cal + 364 test (119 MB, 12s)

t1v4: training
  t1v4 ep 1/90  train 1.2066  val 1.1747 (34s)
  t1v4 ep 2/90  train 1.1051  val 1.1720 (34s)
  t1v4 ep 3/90  train 1.0507  val 1.0592 (34s)
  t1v4 ep 4/90  train 1.0015  val 1.0928 (34s)
  t1v4 ep 5/90  train 0.9427  val 0.9873 (34s)
  t1v4 ep 6/90  train 0.9006  val 1.0173 (34s)
  t1v4 ep 7/90  train 0.8495  val 0.8879 (34s)
  t1v4 ep 8/90  train 0.8240  val 0.9651 (34s)
  t1v4 ep 9/90  train 0.7988  val 0.8702 (34s)
  t1v4 ep 10/90  train 0.7724  val 0.8430 (34s)
  t1v4 ep 11/90  train 0.7503  val 0.8896 (34s)
  t1v4 ep 12/90  train 0.7286  val 0.8256 (35s)
  t1v4 ep 13/90  train 0.7096  val 0.8012 (35s)
  t1v4 ep 14/90  train 0.6914  val 0.7547 (35s)
  t1v4 ep 15/90  train 0.6681  val 0.8134 (35s)
  t1v4 ep 16/90  train 0.6634  val 0.7751 (34s)
  t1v4 ep 17/90  train 0.6438  val 0.7293 (34s)
  t1v4 ep 18/90  train 0.6339  val 0.7599 (34s)
  t1v4 ep 19/90  train 0.6288  val 0.7993 (34s)
  t1v4 ep 20/90  train 0.6054  val 0.7131 (35s)
  t1v4 ep 21/90  train 0.6055  val 0.7290 (34s)
  t1v4 ep 22/90  train 0.6103  val 0.7591 (34s)
  t1v4 ep 23/90  train 0.6185  val 0.8803 (34s)
  t1v4 ep 24/90  train 0.5961  val 0.7206 (34s)
  t1v4 ep 25/90  train 0.5715  val 0.7072 (35s)
  t1v4 ep 26/90  train 0.5560  val 0.7433 (34s)
  t1v4 ep 27/90  train 0.5400  val 0.6756 (34s)
  t1v4 ep 28/90  train 0.5281  val 0.7119 (35s)
  t1v4 ep 29/90  train 0.5114  val 0.7534 (35s)
  t1v4 ep 30/90  train 0.5109  val 0.6865 (34s)
  t1v4 ep 31/90  train 0.4938  val 0.6713 (34s)
  t1v4 ep 32/90  train 0.4872  val 0.6484 (34s)
  t1v4 ep 33/90  train 0.4729  val 0.6540 (35s)
  t1v4 ep 34/90  train 0.4587  val 0.6322 (34s)
  t1v4 ep 35/90  train 0.4604  val 0.6716 (35s)
  t1v4 ep 36/90  train 0.4468  val 0.6474 (35s)
  t1v4 ep 37/90  train 0.4423  val 1.1850 (34s)
  t1v4 ep 38/90  train 0.4320  val 0.6672 (35s)
  t1v4 ep 39/90  train 0.4252  val 0.6516 (34s)
  t1v4 ep 40/90  train 0.4169  val 0.6276 (35s)
  t1v4 ep 41/90  train 0.4150  val 0.7417 (35s)
  t1v4 ep 42/90  train 0.4084  val 0.6550 (34s)
  t1v4 ep 43/90  train 0.4061  val 0.6869 (34s)
  t1v4 ep 44/90  train 0.3998  val 0.6750 (34s)
  t1v4 ep 45/90  train 0.3860  val 0.6420 (35s)
  t1v4 ep 46/90  train 0.3838  val 0.6538 (34s)
  t1v4 ep 47/90  train 0.3821  val 0.6366 (34s)
  t1v4 ep 48/90  train 0.3780  val 0.6601 (34s)
  t1v4 ep 49/90  train 0.3696  val 0.6358 (35s)
  t1v4 ep 50/90  train 0.3716  val 0.6185 (35s)
  t1v4 ep 51/90  train 0.3636  val 0.6557 (34s)
  t1v4 ep 52/90  train 0.3543  val 0.6505 (34s)
  t1v4 ep 53/90  train 0.3505  val 0.6095 (34s)
  t1v4 ep 54/90  train 0.3421  val 0.6340 (35s)
  t1v4 ep 55/90  train 0.3434  val 0.6396 (34s)
  t1v4 ep 56/90  train 0.3385  val 0.6735 (34s)
  t1v4 ep 57/90  train 0.3304  val 0.6661 (35s)
  t1v4 ep 58/90  train 0.3245  val 0.7355 (35s)
  t1v4 ep 59/90  train 0.3158  val 0.6287 (35s)
  t1v4 ep 60/90  train 0.3146  val 0.6606 (35s)
  t1v4 ep 61/90  train 0.3110  val 0.6182 (35s)
  t1v4 ep 62/90  train 0.3084  val 0.6381 (35s)
  t1v4 ep 63/90  train 0.3018  val 0.6379 (34s)
  early stop at epoch 63 (best val 0.6095)
t1v4: cached 150 cal + 364 test (114 MB, 14s)

t2v0: training
  t2v0 ep 1/90  train 1.2183  val 1.1949 (34s)
  t2v0 ep 2/90  train 1.1612  val 1.2400 (34s)
  t2v0 ep 3/90  train 1.1188  val 1.2059 (34s)
  t2v0 ep 4/90  train 1.0817  val 1.2196 (35s)
  t2v0 ep 5/90  train 1.0381  val 1.1972 (34s)
  t2v0 ep 6/90  train 1.0064  val 1.0303 (35s)
  t2v0 ep 7/90  train 0.9722  val 1.0193 (34s)
  t2v0 ep 8/90  train 0.9480  val 0.9787 (34s)
  t2v0 ep 9/90  train 0.9029  val 1.0227 (34s)
  t2v0 ep 10/90  train 0.8832  val 0.9918 (34s)
  t2v0 ep 11/90  train 0.8733  val 1.0492 (34s)
  t2v0 ep 12/90  train 0.8538  val 1.0214 (34s)
  t2v0 ep 13/90  train 0.8418  val 1.0380 (34s)
  t2v0 ep 14/90  train 0.8320  val 0.9456 (35s)
  t2v0 ep 15/90  train 0.8279  val 1.1208 (35s)
  t2v0 ep 16/90  train 0.8140  val 0.9626 (35s)
  t2v0 ep 17/90  train 0.7677  val 0.8988 (34s)
  t2v0 ep 18/90  train 0.7524  val 0.8406 (35s)
  t2v0 ep 19/90  train 0.7186  val 0.9557 (34s)
  t2v0 ep 20/90  train 0.7101  val 0.8936 (34s)
  t2v0 ep 21/90  train 0.6908  val 0.8689 (34s)
  t2v0 ep 22/90  train 0.6867  val 0.8503 (35s)
  t2v0 ep 23/90  train 0.6745  val 0.8429 (34s)
  t2v0 ep 24/90  train 0.6597  val 0.8199 (35s)
  t2v0 ep 25/90  train 0.6626  val 0.8297 (34s)
  t2v0 ep 26/90  train 0.6497  val 0.8623 (34s)
  t2v0 ep 27/90  train 0.6512  val 1.0573 (34s)
  t2v0 ep 28/90  train 0.6383  val 0.8185 (34s)
  t2v0 ep 29/90  train 0.6315  val 0.8769 (34s)
  t2v0 ep 30/90  train 0.6361  val 0.9387 (34s)
  t2v0 ep 31/90  train 0.6258  val 0.8519 (35s)
  t2v0 ep 32/90  train 0.6185  val 0.8801 (34s)
  t2v0 ep 33/90  train 0.6177  val 0.9251 (34s)
  t2v0 ep 34/90  train 0.6305  val 0.8436 (35s)
  t2v0 ep 35/90  train 0.6161  val 0.8565 (35s)
  t2v0 ep 36/90  train 0.5957  val 0.8146 (34s)
  t2v0 ep 37/90  train 0.5855  val 0.8655 (35s)
  t2v0 ep 38/90  train 0.5984  val 0.8964 (34s)
  t2v0 ep 39/90  train 0.5922  val 0.8491 (35s)
  t2v0 ep 40/90  train 0.6006  val 0.8867 (35s)
  t2v0 ep 41/90  train 0.6315  val 0.9587 (35s)
  t2v0 ep 42/90  train 0.6097  val 0.8937 (35s)
  t2v0 ep 43/90  train 0.5686  val 0.8862 (35s)
  t2v0 ep 44/90  train 0.5620  val 0.9196 (35s)
  t2v0 ep 45/90  train 0.5442  val 0.8672 (34s)
  t2v0 ep 46/90  train 0.5399  val 0.8392 (35s)
  early stop at epoch 46 (best val 0.8146)
t2v0: cached 150 cal + 364 test (115 MB, 13s)

t2v1: training
  t2v1 ep 1/90  train 1.2404  val 1.2125 (34s)
  t2v1 ep 2/90  train 1.1452  val 1.0874 (35s)
  t2v1 ep 3/90  train 1.0611  val 1.0058 (35s)
  t2v1 ep 4/90  train 0.9966  val 0.9422 (34s)
  t2v1 ep 5/90  train 0.9429  val 0.9221 (34s)
  t2v1 ep 6/90  train 0.8848  val 0.8483 (34s)
  t2v1 ep 7/90  train 0.8453  val 0.9843 (34s)
  t2v1 ep 8/90  train 0.7984  val 0.8353 (34s)
  t2v1 ep 9/90  train 0.7797  val 0.8194 (35s)
  t2v1 ep 10/90  train 0.7540  val 0.8595 (35s)
  t2v1 ep 11/90  train 0.7336  val 0.7080 (34s)
  t2v1 ep 12/90  train 0.7202  val 0.7150 (34s)
  t2v1 ep 13/90  train 0.6998  val 0.9148 (35s)
  t2v1 ep 14/90  train 0.6827  val 0.7275 (35s)
  t2v1 ep 15/90  train 0.6714  val 0.7609 (35s)
  t2v1 ep 16/90  train 0.6403  val 0.7992 (35s)
  t2v1 ep 17/90  train 0.6520  val 0.7898 (35s)
  t2v1 ep 18/90  train 0.6232  val 0.7127 (35s)
  t2v1 ep 19/90  train 0.6165  val 0.7522 (35s)
  t2v1 ep 20/90  train 0.6013  val 0.6866 (34s)
  t2v1 ep 21/90  train 0.6148  val 0.8229 (34s)
  t2v1 ep 22/90  train 0.6116  val 0.8076 (34s)
  t2v1 ep 23/90  train 0.6044  val 0.6794 (34s)
  t2v1 ep 24/90  train 0.5869  val 1.0491 (34s)
  t2v1 ep 25/90  train 0.5761  val 1.3587 (34s)
  t2v1 ep 26/90  train 0.5512  val 0.6841 (34s)
  t2v1 ep 27/90  train 0.5471  val 0.6916 (34s)
  t2v1 ep 28/90  train 0.5287  val 0.6423 (34s)
  t2v1 ep 29/90  train 0.5118  val 0.6424 (34s)
  t2v1 ep 30/90  train 0.5044  val 0.6472 (34s)
  t2v1 ep 31/90  train 0.4938  val 0.6361 (34s)
  t2v1 ep 32/90  train 0.4998  val 0.6681 (34s)
  t2v1 ep 33/90  train 0.4836  val 0.6546 (34s)
  t2v1 ep 34/90  train 0.4683  val 0.6511 (34s)
  t2v1 ep 35/90  train 0.4579  val 0.6024 (34s)
  t2v1 ep 36/90  train 0.4548  val 0.6131 (35s)
  t2v1 ep 37/90  train 0.4537  val 0.6492 (34s)
  t2v1 ep 38/90  train 0.4694  val 0.5801 (34s)
  t2v1 ep 39/90  train 0.4706  val 0.5675 (35s)
  t2v1 ep 40/90  train 0.4582  val 0.6136 (34s)
  t2v1 ep 41/90  train 0.4692  val 0.6100 (34s)
  t2v1 ep 42/90  train 0.4712  val 0.6681 (35s)
  t2v1 ep 43/90  train 0.5290  val 0.6533 (34s)
  t2v1 ep 44/90  train 0.5390  val 0.6556 (35s)
  t2v1 ep 45/90  train 0.5326  val 0.7037 (35s)
  t2v1 ep 46/90  train 0.5215  val 0.6701 (35s)
  t2v1 ep 47/90  train 0.5058  val 0.6954 (35s)
  t2v1 ep 48/90  train 0.5062  val 0.6593 (34s)
  t2v1 ep 49/90  train 0.4889  val 0.6274 (34s)
  early stop at epoch 49 (best val 0.5675)
t2v1: cached 150 cal + 364 test (114 MB, 13s)

t2v3: training
  t2v3 ep 1/90  train 1.2101  val 1.1884 (34s)
  t2v3 ep 2/90  train 1.1275  val 1.0960 (34s)
  t2v3 ep 3/90  train 1.0507  val 1.0686 (34s)
  t2v3 ep 4/90  train 1.0034  val 1.0915 (35s)
  t2v3 ep 5/90  train 0.9564  val 0.9987 (34s)
  t2v3 ep 6/90  train 0.8872  val 0.9871 (34s)
  t2v3 ep 7/90  train 0.8321  val 0.9106 (34s)
  t2v3 ep 8/90  train 0.8021  val 0.8762 (34s)
  t2v3 ep 9/90  train 0.7986  val 0.9326 (34s)
  t2v3 ep 10/90  train 0.8020  val 0.8586 (34s)
  t2v3 ep 11/90  train 0.7798  val 0.8028 (34s)
  t2v3 ep 12/90  train 0.7163  val 0.8459 (35s)
  t2v3 ep 13/90  train 0.6850  val 0.7963 (34s)
  t2v3 ep 14/90  train 0.6600  val 0.7574 (35s)
  t2v3 ep 15/90  train 0.6541  val 0.7557 (34s)
  t2v3 ep 16/90  train 0.6460  val 0.7267 (34s)
  t2v3 ep 17/90  train 0.6379  val 0.7537 (34s)
  t2v3 ep 18/90  train 0.6162  val 0.8136 (34s)
  t2v3 ep 19/90  train 0.6048  val 0.7040 (35s)
  t2v3 ep 20/90  train 0.5850  val 0.7629 (35s)
  t2v3 ep 21/90  train 0.5732  val 0.7275 (34s)
  t2v3 ep 22/90  train 0.5872  val 0.7448 (34s)
  t2v3 ep 23/90  train 0.5674  val 0.7061 (35s)
  t2v3 ep 24/90  train 0.5395  val 0.6766 (34s)
  t2v3 ep 25/90  train 0.5211  val 1.0419 (35s)
  t2v3 ep 26/90  train 0.5076  val 0.7022 (34s)
  t2v3 ep 27/90  train 0.4927  val 1.1301 (34s)
  t2v3 ep 28/90  train 0.4837  val 0.7156 (34s)
  t2v3 ep 29/90  train 0.4725  val 0.7117 (34s)
  t2v3 ep 30/90  train 0.4488  val 0.6550 (35s)
  t2v3 ep 31/90  train 0.4422  val 0.6648 (34s)
  t2v3 ep 32/90  train 0.4420  val 0.6803 (34s)
  t2v3 ep 33/90  train 0.4351  val 0.6430 (34s)
  t2v3 ep 34/90  train 0.4234  val 0.7916 (34s)
  t2v3 ep 35/90  train 0.4094  val 0.6490 (34s)
  t2v3 ep 36/90  train 0.4091  val 0.6966 (34s)
  t2v3 ep 37/90  train 0.3992  val 0.6549 (34s)
  t2v3 ep 38/90  train 0.4065  val 0.6757 (34s)
  t2v3 ep 39/90  train 0.3999  val 0.8696 (34s)
  t2v3 ep 40/90  train 0.4081  val 0.6539 (34s)
  t2v3 ep 41/90  train 0.4134  val 0.7151 (34s)
  t2v3 ep 42/90  train 0.4091  val 0.6763 (34s)
  t2v3 ep 43/90  train 0.4001  val 0.6732 (34s)
  early stop at epoch 43 (best val 0.6430)
t2v3: cached 150 cal + 364 test (116 MB, 12s)

t2v4: training
  t2v4 ep 1/90  train 1.2391  val 1.1990 (34s)
  t2v4 ep 2/90  train 1.1737  val 1.1936 (35s)
  t2v4 ep 3/90  train 1.1111  val 1.0840 (35s)
  t2v4 ep 4/90  train 1.0416  val 1.0725 (34s)
  t2v4 ep 5/90  train 0.9993  val 1.2058 (35s)
  t2v4 ep 6/90  train 0.9582  val 1.0312 (34s)
  t2v4 ep 7/90  train 0.9377  val 1.4972 (35s)
  t2v4 ep 8/90  train 0.9236  val 0.9220 (34s)
  t2v4 ep 9/90  train 0.8791  val 0.9425 (34s)
  t2v4 ep 10/90  train 0.8316  val 1.2153 (34s)
  t2v4 ep 11/90  train 0.8067  val 0.8462 (34s)
  t2v4 ep 12/90  train 0.7620  val 0.8224 (35s)
  t2v4 ep 13/90  train 0.7385  val 0.9213 (35s)
  t2v4 ep 14/90  train 0.7479  val 0.8428 (35s)
  t2v4 ep 15/90  train 0.7428  val 0.9621 (34s)
  t2v4 ep 16/90  train 0.7397  val 0.7912 (34s)
  t2v4 ep 17/90  train 0.7118  val 0.9488 (34s)
  t2v4 ep 18/90  train 0.6995  val 0.8682 (34s)
  t2v4 ep 19/90  train 0.6703  val 0.7748 (34s)
  t2v4 ep 20/90  train 0.6401  val 0.8315 (34s)
  t2v4 ep 21/90  train 0.6126  val 0.7232 (34s)
  t2v4 ep 22/90  train 0.5905  val 0.7183 (34s)
  t2v4 ep 23/90  train 0.5792  val 0.9072 (34s)
  t2v4 ep 24/90  train 0.5960  val 0.7511 (34s)
  t2v4 ep 25/90  train 0.5776  val 0.7441 (34s)
  t2v4 ep 26/90  train 0.6115  val 0.7195 (34s)
  t2v4 ep 27/90  train 0.5751  val 0.7181 (34s)
  t2v4 ep 28/90  train 0.5790  val 0.7111 (34s)
  t2v4 ep 29/90  train 0.5927  val 0.7753 (34s)
  t2v4 ep 30/90  train 0.5741  val 0.7341 (34s)
  t2v4 ep 31/90  train 0.5693  val 0.7511 (34s)
  t2v4 ep 32/90  train 0.5649  val 0.7947 (35s)
  t2v4 ep 33/90  train 0.5780  val 0.7777 (35s)
  t2v4 ep 34/90  train 0.6054  val 0.7841 (35s)
  t2v4 ep 35/90  train 0.5603  val 0.7519 (34s)
  t2v4 ep 36/90  train 0.5563  val 0.7026 (34s)
  t2v4 ep 37/90  train 0.5276  val 0.9072 (34s)
  t2v4 ep 38/90  train 0.5178  val 0.6922 (34s)
  t2v4 ep 39/90  train 0.5198  val 0.8461 (34s)
  t2v4 ep 40/90  train 0.4786  val 0.7150 (35s)
  t2v4 ep 41/90  train 0.4735  val 0.7133 (34s)
  t2v4 ep 42/90  train 0.4637  val 0.7007 (34s)
  t2v4 ep 43/90  train 0.4426  val 0.6382 (34s)
  t2v4 ep 44/90  train 0.4321  val 0.6985 (34s)
  t2v4 ep 45/90  train 0.4193  val 0.7064 (34s)
  t2v4 ep 46/90  train 0.4244  val 0.6315 (34s)
  t2v4 ep 47/90  train 0.4266  val 0.7038 (34s)
  t2v4 ep 48/90  train 0.4389  val 0.7056 (34s)
  t2v4 ep 49/90  train 0.4318  val 0.6770 (35s)
  t2v4 ep 50/90  train 0.4222  val 0.6735 (35s)
  t2v4 ep 51/90  train 0.4239  val 0.6596 (34s)
  t2v4 ep 52/90  train 0.4268  val 0.7055 (35s)
  t2v4 ep 53/90  train 0.4609  val 0.7900 (34s)
  t2v4 ep 54/90  train 0.5000  val 0.6978 (34s)
  t2v4 ep 55/90  train 0.5006  val 0.7046 (34s)
  t2v4 ep 56/90  train 0.4949  val 0.7157 (34s)
  early stop at epoch 56 (best val 0.6315)
t2v4: cached 150 cal + 364 test (112 MB, 12s)

t3v0: training
  t3v0 ep 1/90  train 1.2208  val 1.2146 (34s)
  t3v0 ep 2/90  train 1.1209  val 1.2459 (34s)
  t3v0 ep 3/90  train 1.0473  val 1.1660 (35s)
  t3v0 ep 4/90  train 0.9916  val 1.0825 (34s)
  t3v0 ep 5/90  train 0.9377  val 0.9897 (34s)
  t3v0 ep 6/90  train 0.8814  val 0.9767 (34s)
  t3v0 ep 7/90  train 0.8448  val 0.9010 (35s)
  t3v0 ep 8/90  train 0.8547  val 0.8675 (34s)
  t3v0 ep 9/90  train 0.8268  val 0.8682 (35s)
  t3v0 ep 10/90  train 0.7860  val 0.8746 (34s)
  t3v0 ep 11/90  train 0.7786  val 0.9087 (34s)
  t3v0 ep 12/90  train 0.7499  val 0.8147 (34s)
  t3v0 ep 13/90  train 0.7654  val 0.8874 (34s)
  t3v0 ep 14/90  train 0.7376  val 0.7811 (34s)
  t3v0 ep 15/90  train 0.7048  val 0.9093 (34s)
  t3v0 ep 16/90  train 0.6722  val 0.7373 (34s)
  t3v0 ep 17/90  train 0.6483  val 0.7592 (34s)
  t3v0 ep 18/90  train 0.6229  val 0.7539 (34s)
  t3v0 ep 19/90  train 0.6064  val 0.7433 (34s)
  t3v0 ep 20/90  train 0.5848  val 0.7823 (34s)
  t3v0 ep 21/90  train 0.5793  val 0.7145 (34s)
  t3v0 ep 22/90  train 0.5621  val 0.7634 (34s)
  t3v0 ep 23/90  train 0.5497  val 0.7215 (35s)
  t3v0 ep 24/90  train 0.5458  val 0.7269 (34s)
  t3v0 ep 25/90  train 0.5459  val 0.7412 (34s)
  t3v0 ep 26/90  train 0.5309  val 0.7240 (35s)
  t3v0 ep 27/90  train 0.5292  val 0.7179 (35s)
  t3v0 ep 28/90  train 0.5265  val 0.7062 (34s)
  t3v0 ep 29/90  train 0.5197  val 0.7119 (35s)
  t3v0 ep 30/90  train 0.5240  val 0.7403 (34s)
  t3v0 ep 31/90  train 0.5168  val 0.6996 (34s)
  t3v0 ep 32/90  train 0.5243  val 0.8525 (34s)
  t3v0 ep 33/90  train 0.5096  val 0.7155 (34s)
  t3v0 ep 34/90  train 0.4982  val 0.6826 (34s)
  t3v0 ep 35/90  train 0.5117  val 0.7100 (34s)
  t3v0 ep 36/90  train 0.5237  val 0.8057 (34s)
  t3v0 ep 37/90  train 0.5185  val 0.7130 (34s)
  t3v0 ep 38/90  train 0.4981  val 0.7133 (34s)
  t3v0 ep 39/90  train 0.4816  val 0.7235 (34s)
  t3v0 ep 40/90  train 0.4742  val 0.7066 (34s)
  t3v0 ep 41/90  train 0.4604  val 0.7073 (34s)
  t3v0 ep 42/90  train 0.4667  val 0.7378 (34s)
  t3v0 ep 43/90  train 0.4957  val 0.9890 (34s)
  t3v0 ep 44/90  train 0.5021  val 0.7185 (34s)
  early stop at epoch 44 (best val 0.6826)
t3v0: cached 150 cal + 365 test (122 MB, 14s)

t3v1: training
  t3v1 ep 1/90  train 1.2273  val 1.1801 (34s)
  t3v1 ep 2/90  train 1.1472  val 1.1817 (34s)
  t3v1 ep 3/90  train 1.0915  val 1.1019 (35s)
  t3v1 ep 4/90  train 1.0519  val 1.6358 (34s)
  t3v1 ep 5/90  train 0.9921  val 0.9739 (35s)
  t3v1 ep 6/90  train 0.9374  val 0.9436 (35s)
  t3v1 ep 7/90  train 0.8865  val 0.9686 (34s)
  t3v1 ep 8/90  train 0.8369  val 0.8490 (34s)
  t3v1 ep 9/90  train 0.8170  val 0.8452 (34s)
  t3v1 ep 10/90  train 0.7809  val 0.8224 (35s)
  t3v1 ep 11/90  train 0.7603  val 0.9151 (34s)
  t3v1 ep 12/90  train 0.7366  val 0.7472 (34s)
  t3v1 ep 13/90  train 0.7143  val 0.7403 (34s)
  t3v1 ep 14/90  train 0.6969  val 0.7968 (34s)
  t3v1 ep 15/90  train 0.6836  val 0.7252 (34s)
  t3v1 ep 16/90  train 0.6603  val 0.7504 (34s)
  t3v1 ep 17/90  train 0.6438  val 0.7126 (34s)
  t3v1 ep 18/90  train 0.6257  val 1.3866 (35s)
  t3v1 ep 19/90  train 0.6163  val 0.8706 (34s)
  t3v1 ep 20/90  train 0.6068  val 0.7623 (34s)
  t3v1 ep 21/90  train 0.5966  val 0.6973 (34s)
  t3v1 ep 22/90  train 0.5762  val 0.6821 (34s)
  t3v1 ep 23/90  train 0.5761  val 0.6986 (35s)
  t3v1 ep 24/90  train 0.5801  val 0.6704 (34s)
  t3v1 ep 25/90  train 0.5581  val 0.7119 (34s)
  t3v1 ep 26/90  train 0.5445  val 0.6445 (34s)
  t3v1 ep 27/90  train 0.5402  val 0.6544 (35s)
  t3v1 ep 28/90  train 0.5278  val 0.6459 (34s)
  t3v1 ep 29/90  train 0.5145  val 0.9019 (34s)
  t3v1 ep 30/90  train 0.4997  val 0.6600 (34s)
  t3v1 ep 31/90  train 0.4927  val 0.6719 (34s)
  t3v1 ep 32/90  train 0.4840  val 0.6369 (34s)
  t3v1 ep 33/90  train 0.4659  val 0.6698 (34s)
  t3v1 ep 34/90  train 0.4616  val 0.6000 (34s)
  t3v1 ep 35/90  train 0.4488  val 0.5821 (34s)
  t3v1 ep 36/90  train 0.4367  val 0.6881 (34s)
  t3v1 ep 37/90  train 0.4266  val 0.6425 (34s)
  t3v1 ep 38/90  train 0.4186  val 0.5911 (35s)
  t3v1 ep 39/90  train 0.4182  val 0.6239 (34s)
  t3v1 ep 40/90  train 0.4091  val 0.6289 (34s)
  t3v1 ep 41/90  train 0.4014  val 0.6269 (34s)
  t3v1 ep 42/90  train 0.3955  val 0.5928 (34s)
  t3v1 ep 43/90  train 0.3883  val 0.6114 (35s)
  t3v1 ep 44/90  train 0.3844  val 0.6078 (35s)
  t3v1 ep 45/90  train 0.3714  val 0.6000 (35s)
  early stop at epoch 45 (best val 0.5821)
t3v1: cached 150 cal + 365 test (122 MB, 14s)

t3v2: training
  t3v2 ep 1/90  train 1.2072  val 1.1862 (34s)
  t3v2 ep 2/90  train 1.1297  val 1.0785 (35s)
  t3v2 ep 3/90  train 1.0862  val 1.0678 (34s)
  t3v2 ep 4/90  train 1.0385  val 1.0220 (34s)
  t3v2 ep 5/90  train 0.9947  val 1.4204 (34s)
  t3v2 ep 6/90  train 0.9778  val 1.1278 (35s)
  t3v2 ep 7/90  train 0.9381  val 0.9989 (34s)
  t3v2 ep 8/90  train 0.9119  val 0.9842 (34s)
  t3v2 ep 9/90  train 0.8564  val 1.0694 (34s)
  t3v2 ep 10/90  train 0.8105  val 0.9328 (34s)
  t3v2 ep 11/90  train 0.8020  val 0.8181 (34s)
  t3v2 ep 12/90  train 0.7762  val 1.0686 (34s)
  t3v2 ep 13/90  train 0.7741  val 0.8554 (34s)
  t3v2 ep 14/90  train 0.7595  val 0.7897 (34s)
  t3v2 ep 15/90  train 0.7184  val 0.7575 (34s)
  t3v2 ep 16/90  train 0.6947  val 0.7353 (34s)
  t3v2 ep 17/90  train 0.6568  val 1.0624 (34s)
  t3v2 ep 18/90  train 0.6411  val 0.6867 (35s)
  t3v2 ep 19/90  train 0.6445  val 0.9678 (34s)
  t3v2 ep 20/90  train 0.6107  val 0.6490 (34s)
  t3v2 ep 21/90  train 0.5879  val 0.6553 (34s)
  t3v2 ep 22/90  train 0.5931  val 0.6861 (34s)
  t3v2 ep 23/90  train 0.5791  val 0.6902 (34s)
  t3v2 ep 24/90  train 0.5625  val 0.7229 (34s)
  t3v2 ep 25/90  train 0.5386  val 0.5947 (34s)
  t3v2 ep 26/90  train 0.5253  val 0.6381 (34s)
  t3v2 ep 27/90  train 0.5239  val 0.6103 (34s)
  t3v2 ep 28/90  train 0.5118  val 0.6311 (35s)
  t3v2 ep 29/90  train 0.5023  val 0.6240 (35s)
  t3v2 ep 30/90  train 0.5026  val 0.6430 (34s)
  t3v2 ep 31/90  train 0.4915  val 0.6592 (34s)
  t3v2 ep 32/90  train 0.4848  val 0.6237 (34s)
  t3v2 ep 33/90  train 0.4755  val 0.6996 (34s)
  t3v2 ep 34/90  train 0.4654  val 0.6140 (35s)
  t3v2 ep 35/90  train 0.4649  val 0.5770 (35s)
  t3v2 ep 36/90  train 0.4566  val 0.7180 (34s)
  t3v2 ep 37/90  train 0.4546  val 0.6583 (35s)
  t3v2 ep 38/90  train 0.4472  val 0.7044 (34s)
  t3v2 ep 39/90  train 0.4496  val 0.6389 (34s)
  t3v2 ep 40/90  train 0.4481  val 0.8649 (35s)
  t3v2 ep 41/90  train 0.4477  val 0.6895 (34s)
  t3v2 ep 42/90  train 0.4418  val 0.6139 (34s)
  t3v2 ep 43/90  train 0.4346  val 0.9935 (34s)
  t3v2 ep 44/90  train 0.4346  val 0.7425 (34s)
  t3v2 ep 45/90  train 0.4204  val 0.6588 (34s)
  early stop at epoch 45 (best val 0.5770)
t3v2: cached 150 cal + 365 test (122 MB, 14s)

t3v4: training
  t3v4 ep 1/90  train 1.2116  val 1.4040 (34s)
  t3v4 ep 2/90  train 1.1112  val 1.1211 (34s)
  t3v4 ep 3/90  train 1.0226  val 1.1332 (34s)
  t3v4 ep 4/90  train 0.9458  val 0.9786 (34s)
  t3v4 ep 5/90  train 0.8826  val 0.9737 (35s)
  t3v4 ep 6/90  train 0.8342  val 0.9050 (34s)
  t3v4 ep 7/90  train 0.7922  val 0.9763 (34s)
  t3v4 ep 8/90  train 0.7744  val 0.9892 (35s)
  t3v4 ep 9/90  train 0.7485  val 1.0302 (35s)
  t3v4 ep 10/90  train 0.7191  val 0.8867 (34s)
  t3v4 ep 11/90  train 0.6996  val 0.9881 (34s)
  t3v4 ep 12/90  train 0.6966  val 0.9262 (35s)
  t3v4 ep 13/90  train 0.7004  val 0.7417 (34s)
  t3v4 ep 14/90  train 0.6852  val 0.8690 (34s)
  t3v4 ep 15/90  train 0.6828  val 0.9628 (34s)
  t3v4 ep 16/90  train 0.6739  val 0.8213 (34s)
  t3v4 ep 17/90  train 0.6594  val 0.8332 (34s)
  t3v4 ep 18/90  train 0.6354  val 0.7369 (34s)
  t3v4 ep 19/90  train 0.6226  val 0.8194 (34s)
  t3v4 ep 20/90  train 0.6081  val 0.7080 (35s)
  t3v4 ep 21/90  train 0.5913  val 0.7480 (34s)
  t3v4 ep 22/90  train 0.5740  val 0.7037 (34s)
  t3v4 ep 23/90  train 0.5574  val 0.8846 (35s)
  t3v4 ep 24/90  train 0.5468  val 0.8279 (34s)
  t3v4 ep 25/90  train 0.5326  val 0.6942 (34s)
  t3v4 ep 26/90  train 0.5275  val 0.7017 (34s)
  t3v4 ep 27/90  train 0.5174  val 0.6991 (34s)
  t3v4 ep 28/90  train 0.5058  val 0.6809 (35s)
  t3v4 ep 29/90  train 0.5065  val 0.6904 (34s)
  t3v4 ep 30/90  train 0.4948  val 0.6765 (34s)
  t3v4 ep 31/90  train 0.4914  val 0.6918 (34s)
  t3v4 ep 32/90  train 0.4724  val 0.6997 (35s)
  t3v4 ep 33/90  train 0.4728  val 1.0700 (34s)
  t3v4 ep 34/90  train 0.4687  val 0.8375 (34s)
  t3v4 ep 35/90  train 0.4625  val 0.7511 (34s)
  t3v4 ep 36/90  train 0.4624  val 0.6954 (34s)
  t3v4 ep 37/90  train 0.5227  val 0.7637 (34s)
  t3v4 ep 38/90  train 0.5210  val 0.8944 (34s)
  t3v4 ep 39/90  train 0.5021  val 0.7171 (34s)
  t3v4 ep 40/90  train 0.4818  val 0.6569 (34s)
  t3v4 ep 41/90  train 0.4583  val 0.6878 (34s)
  t3v4 ep 42/90  train 0.4502  val 0.6839 (35s)
  t3v4 ep 43/90  train 0.4473  val 0.6757 (35s)
  t3v4 ep 44/90  train 0.4380  val 0.7305 (34s)
  t3v4 ep 45/90  train 0.4324  val 0.7053 (35s)
  t3v4 ep 46/90  train 0.4217  val 0.6254 (34s)
  t3v4 ep 47/90  train 0.4120  val 0.6624 (35s)
  t3v4 ep 48/90  train 0.4012  val 0.6849 (35s)
  t3v4 ep 49/90  train 0.3954  val 0.6837 (35s)
  t3v4 ep 50/90  train 0.3791  val 0.7167 (34s)
  t3v4 ep 51/90  train 0.3803  val 0.6544 (34s)
  t3v4 ep 52/90  train 0.3770  val 0.6672 (34s)
  t3v4 ep 53/90  train 0.3703  val 0.6242 (34s)
  t3v4 ep 54/90  train 0.3706  val 0.7196 (34s)
  t3v4 ep 55/90  train 0.3637  val 0.6795 (35s)
  t3v4 ep 56/90  train 0.3521  val 0.6173 (35s)
  t3v4 ep 57/90  train 0.3526  val 0.6759 (34s)
  t3v4 ep 58/90  train 0.3497  val 0.7105 (34s)
  t3v4 ep 59/90  train 0.3449  val 0.6745 (35s)
  t3v4 ep 60/90  train 0.3393  val 0.6817 (34s)
  t3v4 ep 61/90  train 0.3347  val 0.6776 (35s)
  t3v4 ep 62/90  train 0.3316  val 0.6309 (34s)
  t3v4 ep 63/90  train 0.3294  val 0.6309 (35s)
  t3v4 ep 64/90  train 0.3247  val 0.6516 (34s)
  t3v4 ep 65/90  train 0.3237  val 0.6388 (34s)
  t3v4 ep 66/90  train 0.3199  val 0.6651 (34s)
  early stop at epoch 66 (best val 0.6173)
t3v4: cached 150 cal + 365 test (120 MB, 14s)

t4v0: training
  t4v0 ep 1/90  train 1.2332  val 1.2153 (34s)
  t4v0 ep 2/90  train 1.1610  val 1.2738 (35s)
  t4v0 ep 3/90  train 1.1023  val 1.1902 (34s)
  t4v0 ep 4/90  train 1.0510  val 1.4020 (35s)
  t4v0 ep 5/90  train 1.0151  val 1.1540 (35s)
  t4v0 ep 6/90  train 0.9675  val 1.0300 (35s)
  t4v0 ep 7/90  train 0.9396  val 0.9843 (34s)
  t4v0 ep 8/90  train 0.9106  val 1.0074 (34s)
  t4v0 ep 9/90  train 0.8963  val 0.9349 (34s)
  t4v0 ep 10/90  train 0.8688  val 0.9234 (34s)
  t4v0 ep 11/90  train 0.8358  val 0.9405 (34s)
  t4v0 ep 12/90  train 0.8104  val 0.9330 (35s)
  t4v0 ep 13/90  train 0.8020  val 0.9180 (34s)
  t4v0 ep 14/90  train 0.7777  val 0.8986 (34s)
  t4v0 ep 15/90  train 0.8011  val 0.8946 (35s)
  t4v0 ep 16/90  train 0.7675  val 0.9177 (35s)
  t4v0 ep 17/90  train 0.7377  val 0.8450 (34s)
  t4v0 ep 18/90  train 0.7265  val 0.8584 (34s)
  t4v0 ep 19/90  train 0.7320  val 1.0487 (34s)
  t4v0 ep 20/90  train 0.7160  val 0.8214 (34s)
  t4v0 ep 21/90  train 0.7165  val 0.8434 (34s)
  t4v0 ep 22/90  train 0.7055  val 0.9324 (34s)
  t4v0 ep 23/90  train 0.6999  val 0.8784 (35s)
  t4v0 ep 24/90  train 0.6795  val 1.0749 (35s)
  t4v0 ep 25/90  train 0.6911  val 0.7771 (34s)
  t4v0 ep 26/90  train 0.6524  val 0.7879 (35s)
  t4v0 ep 27/90  train 0.6262  val 0.7992 (34s)
  t4v0 ep 28/90  train 0.6108  val 0.7233 (34s)
  t4v0 ep 29/90  train 0.5999  val 0.7505 (34s)
  t4v0 ep 30/90  train 0.5934  val 0.7616 (34s)
  t4v0 ep 31/90  train 0.5815  val 0.7774 (34s)
  t4v0 ep 32/90  train 0.6033  val 0.8280 (34s)
  t4v0 ep 33/90  train 0.6188  val 0.8567 (34s)
  t4v0 ep 34/90  train 0.6305  val 0.7743 (34s)
  t4v0 ep 35/90  train 0.6199  val 0.9198 (34s)
  t4v0 ep 36/90  train 0.6261  val 0.8401 (34s)
  t4v0 ep 37/90  train 0.6630  val 0.8726 (34s)
  t4v0 ep 38/90  train 0.6414  val 0.8726 (34s)
  early stop at epoch 38 (best val 0.7233)
t4v0: cached 150 cal + 365 test (113 MB, 12s)

t4v1: training
  t4v1 ep 1/90  train 1.2033  val 1.4456 (34s)
  t4v1 ep 2/90  train 1.1016  val 1.0905 (35s)
  t4v1 ep 3/90  train 1.0624  val 1.1161 (34s)
  t4v1 ep 4/90  train 1.0048  val 1.2060 (34s)
  t4v1 ep 5/90  train 0.9546  val 1.0140 (34s)
  t4v1 ep 6/90  train 0.8897  val 0.8911 (34s)
  t4v1 ep 7/90  train 0.8282  val 0.8191 (35s)
  t4v1 ep 8/90  train 0.7899  val 0.8310 (34s)
  t4v1 ep 9/90  train 0.7447  val 0.7526 (34s)
  t4v1 ep 10/90  train 0.7129  val 0.7264 (34s)
  t4v1 ep 11/90  train 0.7011  val 1.1293 (34s)
  t4v1 ep 12/90  train 0.6805  val 0.6745 (34s)
  t4v1 ep 13/90  train 0.6629  val 0.7085 (35s)
  t4v1 ep 14/90  train 0.6487  val 0.7002 (34s)
  t4v1 ep 15/90  train 0.6381  val 0.7766 (34s)
  t4v1 ep 16/90  train 0.6252  val 0.9062 (34s)
  t4v1 ep 17/90  train 0.6042  val 0.6481 (35s)
  t4v1 ep 18/90  train 0.5943  val 0.6767 (34s)
  t4v1 ep 19/90  train 0.5868  val 0.6361 (34s)
  t4v1 ep 20/90  train 0.5573  val 0.6611 (35s)
  t4v1 ep 21/90  train 0.5529  val 0.6551 (34s)
  t4v1 ep 22/90  train 0.5496  val 0.6626 (35s)
  t4v1 ep 23/90  train 0.5514  val 0.6990 (34s)
  t4v1 ep 24/90  train 0.5690  val 0.6729 (34s)
  t4v1 ep 25/90  train 0.5971  val 0.7567 (34s)
  t4v1 ep 26/90  train 0.6291  val 0.6808 (35s)
  t4v1 ep 27/90  train 0.6236  val 0.7968 (34s)
  t4v1 ep 28/90  train 0.6180  val 0.6830 (34s)
  t4v1 ep 29/90  train 0.5798  val 0.7083 (34s)
  early stop at epoch 29 (best val 0.6361)
t4v1: cached 150 cal + 365 test (111 MB, 13s)

t4v2: training
  t4v2 ep 1/90  train 1.2184  val 1.1372 (34s)
  t4v2 ep 2/90  train 1.1266  val 1.1472 (34s)
  t4v2 ep 3/90  train 1.0684  val 1.1266 (35s)
  t4v2 ep 4/90  train 1.0121  val 1.2842 (34s)
  t4v2 ep 5/90  train 0.9629  val 1.1731 (34s)
  t4v2 ep 6/90  train 0.9107  val 1.1424 (35s)
  t4v2 ep 7/90  train 0.8886  val 1.0438 (34s)
  t4v2 ep 8/90  train 0.8959  val 0.9482 (34s)
  t4v2 ep 9/90  train 0.8922  val 1.0277 (34s)
  t4v2 ep 10/90  train 0.8730  val 1.3444 (34s)
  t4v2 ep 11/90  train 0.8551  val 0.9685 (34s)
  t4v2 ep 12/90  train 0.8307  val 0.8270 (34s)
  t4v2 ep 13/90  train 0.7923  val 0.8862 (35s)
  t4v2 ep 14/90  train 0.7912  val 0.8822 (35s)
  t4v2 ep 15/90  train 0.7589  val 0.8371 (34s)
  t4v2 ep 16/90  train 0.7541  val 0.8460 (34s)
  t4v2 ep 17/90  train 0.7483  val 0.8370 (34s)
  t4v2 ep 18/90  train 0.7345  val 0.9200 (35s)
  t4v2 ep 19/90  train 0.7576  val 0.8155 (34s)
  t4v2 ep 20/90  train 0.7562  val 0.9619 (35s)
  t4v2 ep 21/90  train 0.7390  val 0.9049 (35s)
  t4v2 ep 22/90  train 0.7177  val 0.7749 (35s)
  t4v2 ep 23/90  train 0.7134  val 0.8028 (34s)
  t4v2 ep 24/90  train 0.7083  val 0.9506 (35s)
  t4v2 ep 25/90  train 0.6774  val 0.8146 (34s)
  t4v2 ep 26/90  train 0.6879  val 0.8452 (35s)
  t4v2 ep 27/90  train 0.6707  val 0.7572 (34s)
  t4v2 ep 28/90  train 0.6521  val 0.8017 (34s)
  t4v2 ep 29/90  train 0.6764  val 0.9151 (34s)
  t4v2 ep 30/90  train 0.6688  val 0.7684 (34s)
  t4v2 ep 31/90  train 0.6252  val 0.6889 (34s)
  t4v2 ep 32/90  train 0.5878  val 0.7252 (34s)
  t4v2 ep 33/90  train 0.5772  val 0.6824 (34s)
  t4v2 ep 34/90  train 0.5620  val 0.6933 (35s)
  t4v2 ep 35/90  train 0.5299  val 0.6381 (35s)
  t4v2 ep 36/90  train 0.5268  val 0.6547 (35s)
  t4v2 ep 37/90  train 0.5180  val 0.7527 (35s)
  t4v2 ep 38/90  train 0.5174  val 0.6352 (35s)
  t4v2 ep 39/90  train 0.5058  val 0.7135 (35s)
  t4v2 ep 40/90  train 0.4898  val 0.6465 (34s)
  t4v2 ep 41/90  train 0.4815  val 0.6541 (34s)
  t4v2 ep 42/90  train 0.4618  val 0.6862 (34s)
  t4v2 ep 43/90  train 0.4612  val 0.6175 (34s)
  t4v2 ep 44/90  train 0.4639  val 0.6711 (35s)
  t4v2 ep 45/90  train 0.4567  val 0.6621 (35s)
  t4v2 ep 46/90  train 0.4635  val 0.6049 (34s)
  t4v2 ep 47/90  train 0.4565  val 0.7130 (35s)
  t4v2 ep 48/90  train 0.4389  val 0.6266 (35s)
  t4v2 ep 49/90  train 0.4360  val 0.6133 (35s)
  t4v2 ep 50/90  train 0.4389  val 0.6401 (34s)
  t4v2 ep 51/90  train 0.4350  val 0.6597 (35s)
  t4v2 ep 52/90  train 0.4295  val 0.6708 (35s)
  t4v2 ep 53/90  train 0.4280  val 0.7453 (34s)
  t4v2 ep 54/90  train 0.4243  val 0.6189 (35s)
  t4v2 ep 55/90  train 0.4176  val 0.6350 (35s)
  t4v2 ep 56/90  train 0.4182  val 0.6238 (35s)
  early stop at epoch 56 (best val 0.6049)
t4v2: cached 150 cal + 365 test (115 MB, 12s)

t4v3: training
  t4v3 ep 1/90  train 1.2147  val 1.1967 (34s)
  t4v3 ep 2/90  train 1.1397  val 1.1935 (34s)
  t4v3 ep 3/90  train 1.0904  val 1.0898 (34s)
  t4v3 ep 4/90  train 1.0184  val 1.1441 (35s)
  t4v3 ep 5/90  train 0.9407  val 1.0059 (34s)
  t4v3 ep 6/90  train 0.8661  val 0.9925 (35s)
  t4v3 ep 7/90  train 0.8242  val 0.9017 (34s)
  t4v3 ep 8/90  train 0.7746  val 0.8237 (34s)
  t4v3 ep 9/90  train 0.7576  val 0.8962 (34s)
  t4v3 ep 10/90  train 0.7334  val 0.8063 (35s)
  t4v3 ep 11/90  train 0.7049  val 0.7891 (34s)
  t4v3 ep 12/90  train 0.6833  val 0.7841 (35s)
  t4v3 ep 13/90  train 0.6633  val 0.7591 (35s)
  t4v3 ep 14/90  train 0.6326  val 0.7388 (34s)
  t4v3 ep 15/90  train 0.6224  val 0.9813 (34s)
  t4v3 ep 16/90  train 0.6199  val 0.7741 (34s)
  t4v3 ep 17/90  train 0.6197  val 0.7447 (35s)
  t4v3 ep 18/90  train 0.5990  val 0.7248 (35s)
  t4v3 ep 19/90  train 0.6054  val 0.7655 (35s)
  t4v3 ep 20/90  train 0.5762  val 0.7991 (34s)
  t4v3 ep 21/90  train 0.5699  val 1.1428 (35s)
  t4v3 ep 22/90  train 0.5680  val 0.8380 (34s)
  t4v3 ep 23/90  train 0.5740  val 0.7884 (34s)
  t4v3 ep 24/90  train 0.5586  val 0.7715 (34s)
  t4v3 ep 25/90  train 0.5496  val 0.7243 (35s)
  t4v3 ep 26/90  train 0.5327  val 0.6889 (34s)
  t4v3 ep 27/90  train 0.5139  val 0.6907 (35s)
  t4v3 ep 28/90  train 0.5051  val 0.7278 (35s)
  t4v3 ep 29/90  train 0.5051  val 0.7421 (35s)
  t4v3 ep 30/90  train 0.4966  val 0.7082 (34s)
  t4v3 ep 31/90  train 0.4853  val 0.7105 (35s)
  t4v3 ep 32/90  train 0.4805  val 0.6802 (35s)
  t4v3 ep 33/90  train 0.4770  val 0.7378 (35s)
  t4v3 ep 34/90  train 0.4716  val 0.8719 (35s)
  t4v3 ep 35/90  train 0.4657  val 0.8770 (34s)
  t4v3 ep 36/90  train 0.4525  val 0.7320 (34s)
  t4v3 ep 37/90  train 0.4551  val 0.9547 (35s)
  t4v3 ep 38/90  train 0.4365  val 0.7381 (35s)
  t4v3 ep 39/90  train 0.4391  val 0.6868 (34s)
  t4v3 ep 40/90  train 0.4549  val 0.6978 (34s)
  t4v3 ep 41/90  train 0.4243  val 0.7242 (35s)
  t4v3 ep 42/90  train 0.4085  val 0.6833 (35s)
  early stop at epoch 42 (best val 0.6802)
t4v3: cached 150 cal + 365 test (114 MB, 13s)

phase 1 done. now run: python3 src/methods/sweep_cached.py
