  200/1822  (550s)
  400/1822  (1166s)
  600/1822  (1782s)
  800/1822  (2349s)
  1000/1822  (2856s)
  1200/1822  (3268s)
  1400/1822  (3671s)
  1600/1822  (4061s)
  1800/1822  (4476s)
saved results/rung2_grid.npz

=== graphcut ===
fold     tau*   beta*   test F1  test IoU
0        0.75     8.0    0.2753    0.1596
1        0.75    16.0    0.2751    0.1595
2        0.75     8.0    0.3093    0.1830
3        0.75     8.0    0.2969    0.1744
4        0.75     8.0    0.2684    0.1550
mean F1 0.2850 +/- 0.0155

mean energy at fixed (tau, beta), lower = better optimisation
   tau   beta    graphcut
   1.0    0.5      1313.5
   1.0    2.0      4300.7
   1.0    4.0      7251.6
   1.0    8.0     11483.7
   1.0   16.0     17143.9

wrote results/rung2_mrf.csv
